[web.archive.org/web/20101121060122/http_/www.ticketsummit.org_80/2010/vegas/default.html]
[archive.org/includes/analytics2a5b.js]
[web.archive.org/static/js/ait-client-rewrite7300.js]
[backblue.gif]
[fade.gif]
[index.html]
[web.archive.org/web/20110728110250im_/http_/www.ticketsummit.org/ppimages/countdown2.jpg]
[web.archive.org/web/20120428165124js_/http_/www.ticketsummit.org/2010/scripts/jquery-ahover.js]
[web.archive.org/web/20101121060122/https_/tickettransaction2.com/ts/brokers/01504-008/images/ts2010_header.jpg]
[web.archive.org/web/20120420200451js_/http_/www.ticketsummit.org/2010/scripts/jquery.easing.1.3.js]
[web.archive.org/web/20120722224813js_/http_/www.ticketsummit.org/2010/scripts/jquery.fancybox-1.2.1.pack.js]
[web.archive.org/static/js/timestamp7300.js]
[web.archive.org/static/js/graph-calc7300.js]
[web.archive.org/static/js/auto-complete7300.js]
[web.archive.org/static/js/toolbar7300.js]
[web.archive.org/static/images/toolbar/wayback-toolbar-logo.png]
[web.archive.org/static/images/toolbar/wm_tb_nxt_on.png]
[web.archive.org/static/images/loading.gif]
[web.archive.org/web/20111028201023im_/http_/www.ticketsummit.org/ppimages/home_small.png]
[web.archive.org/web/20111028201023im_/http_/www.ticketsummit.org/ppimages/checkmark1.png]
[web.archive.org/web/20091027213916im_/http_/www.ticketsummit.org/images/2010/common_images/NewsletterButtons/subscribe.gif]
[web.archive.org/web/20091027213549im_/http_/www.ticketsummit.org/ppimages/iggli_invite_green.png]
[web.archive.org/web/20110228080109im_/http_/www.ticketsummit.org/ppimages/facebook.png]
[web.archive.org/web/20110228080025im_/http_/www.ticketsummit.org/ppimages/twitter.png]
[web.archive.org/web/20110228080215im_/http_/www.ticketsummit.org/ppimages/youtube.png]
[web.archive.org/web/20110228080406im_/http_/www.ticketsummit.org/ppimages/linkedin.png]
[web.archive.org/web/20120722224748im_/http_/www.ticketsummit.org/files/TSImages/enterprise_sidebar.jpg]
[web.archive.org/web/20091027213132im_/http_/www.ticketsummit.org/ppimages/vid_white.png]
[web.archive.org/web/20101121060122/http_/www.ticketsummit.org_80/2010/vegas/default.html]
[analytics.archive.org/0.gif]
[archive.org/includes/analytics2a5b.js]
[web.archive.org/static/js/wbhack7300.js]
[web.archive.org/static/css/banner-styles7300.css]
[web.archive.org/static/css/iconochive7300.css]
[web.archive.org/web/20120420200551cs_/http_/www.ticketsummit.org/2010/styles/shared.css]
[web.archive.org/web/20120924154452im_/http_/www.ticketsummit.org/images/2010/NYC_structure_images/bg_texture.jpg]
[web.archive.org/web/20120923191310im_/http_/www.ticketsummit.org/images/2010/NYC_structure_images/ts_logo.png]
[web.archive.org/web/20120924154455im_/http_/www.ticketsummit.org/images/2010/vegas_structure_images/register_sprite.png]
[web.archive.org/web/20120924154448im_/http_/www.ticketsummit.org/images/2010/NYC_structure_images/bg_containerwrapper.jpg]
[web.archive.org/web/20120920020046im_/http_/www.ticketsummit.org/images/2010/common_images/pictures/snapshots.png]
[web.archive.org/web/20120722224800cs_/http_/www.ticketsummit.org/2010/styles/Vegas.css]
[web.archive.org/web/20110228080650im_/http_/www.ticketsummit.org/ppimages/vid_black.png]
[web.archive.org/web/20091027213603im_/http_/www.ticketsummit.org/ppimages/more.gif]
[web.archive.org/web/20091027213603im_/http_/www.ticketsummit.org/ppimages/less.gif]
[web.archive.org/web/20110228080647im_/http_/www.ticketsummit.org/ppimages/fancy_progress.png]
[web.archive.org/web/20110228081056im_/http_/www.ticketsummit.org/tsbbqstyles/img/fancy_loading.gif]
[web.archive.org/web/20110228080947im_/http_/www.ticketsummit.org/ppimages/fancy_closebox.png]
[web.archive.org/web/20110228081026im_/http_/www.ticketsummit.org/ppimages/fancy_shadow_n.png]
[web.archive.org/web/20110228080918im_/http_/www.ticketsummit.org/ppimages/fancy_shadow_ne.png]
[web.archive.org/web/20110228080805im_/http_/www.ticketsummit.org/ppimages/fancy_shadow_e.png]
[web.archive.org/web/20110228080859im_/http_/www.ticketsummit.org/ppimages/fancy_shadow_se.png]
[web.archive.org/web/20110228080950im_/http_/www.ticketsummit.org/ppimages/fancy_shadow_s.png]
[web.archive.org/web/20110228080708im_/http_/www.ticketsummit.org/ppimages/fancy_shadow_sw.png]
[web.archive.org/web/20110228080610im_/http_/www.ticketsummit.org/ppimages/fancy_shadow_w.png]
[web.archive.org/web/20110228080819im_/http_/www.ticketsummit.org/ppimages/fancy_shadow_nw.png]
[web.archive.org/web/20091027213603cs_/http_/www.ticketsummit.org/tsbbqstyles/2010-aesthetics.css]
[web.archive.org/web/20101121060122/https_/tickettransaction2.com/ts/brokers/01504-008/images/ts2010_header.html]
[web.archive.org/static/css/record.css]
[web.archive.org/web/20091027213603im_/http_/www.ticketsummit.org/ppimages/more.html]
[web.archive.org/web/20091027213603im_/http_/www.ticketsummit.org/ppimages/less.html]
[web.archive.org/web/20110228081056im_/http_/www.ticketsummit.org/tsbbqstyles/img/fancy_loading.html]
[web.archive.org/static/images/toolbar/wm_tb_prv_on.png]
[web.archive.org/web/20120722224800im_/http_/www.ticketsummit.org/images/2010/vegas_structure_images/bg_container.jpg]
[web.archive.org/web/20091027213603im_/http_/www.ticketsummit.org/ppimages/pdf.gif]
[web.archive.org/web/20101121060122js_/http_/www.ticketsummit.org_80/2010/scripts/jquery-1.3.2.min.js]
[web.archive.org/web/20101121060122js_/http_/www.ticketsummit.org_80/2010/scripts/globalScripts.js]
[web.archive.org/web/20120722224800im_/http_/www.ticketsummit.org/ppimages/iggli_invite_sprite.png]
[web.archive.org/web/20120722224800im_/http_/www.ticketsummit.org/images/2010/NYC_structure_images/bg_containerbottom.png]
