[web.archive.org/web/20060423203628/http_/www.ticketsummit.org_80/index.html]
[archive.org/includes/analytics2a5b.js]
[web.archive.org/static/js/ait-client-rewrite7300.js]
[backblue.gif]
[fade.gif]
[index.html]
[web.archive.org/static/js/timestamp7300.js]
[web.archive.org/static/js/graph-calc7300.js]
[web.archive.org/static/js/auto-complete7300.js]
[web.archive.org/static/js/toolbar7300.js]
[web.archive.org/static/images/toolbar/wm_tb_prv_off.png]
[web.archive.org/static/images/toolbar/wm_tb_nxt_on.png]
[web.archive.org/static/images/loading.gif]
[web.archive.org/web/20060423203838im_/http_/www.ticketsummit.org_80/images/summitheader.jpg]
[web.archive.org/web/20060423203826im_/http_/www.ticketsummit.org_80/images/vegasbar.jpg]
[web.archive.org/web/20060423203628/http_/www.ticketsummit.org_80/index.html]
[analytics.archive.org/0.gif]
[archive.org/includes/analytics2a5b.js]
[web.archive.org/static/css/banner-styles7300.css]
[web.archive.org/static/css/iconochive7300.css]
[web.archive.org/web/20060512045518cs_/http_/ticketsummit.org_80/text.css]
[web.archive.org/static/images/toolbar/wayback-toolbar-logo.png]
[web.archive.org/static/js/wbhack7300.js]
[web.archive.org/static/css/record.css]
[web.archive.org/web/20060423203628/http_/www.ticketsummit.org_80/register.htm]
[web.archive.org/web/20060423203628/http_/www.ticketsummit.org_80/contact.htm]
[web.archive.org/web/20060423203628/http_/www.ticketsummit.org_80/schedule.htm]
[web.archive.org/web/20060423203628im_/http_/www.ticketsummit.org_80/images/footer.gif]
